1, cost: 0, path: 1
2, cost: 30, path: 1 2
3, cost: 20, path: 1 3
4, cost: 10, path: 1 4
5, cost: 40, path: 1 2 5
